CRITICAL - 2024-11-08 08:03:53 --> ErrorException: include(sidebar.php): Failed to open stream: No such file or directory
[Method: GET, Route: users]
in APPPATH/Views/dashboard.php on line 27.
 1 APPPATH/Views/dashboard.php(27): CodeIgniter\Debug\Exceptions->errorHandler(2, 'include(sidebar.php): Failed to open stream: No such file or directory', '/Users/williamson/Documents/Dev/talentia/app/Views/dashboard.php', 27)
 2 APPPATH/Views/dashboard.php(27): include()
 3 SYSTEMPATH/View/View.php(234): include('/Users/williamson/Documents/Dev/talentia/app/Views/dashboard.php')
 4 SYSTEMPATH/View/View.php(237): CodeIgniter\View\View->CodeIgniter\View\{closure}()
 5 SYSTEMPATH/Common.php(1171): CodeIgniter\View\View->render('/dashboard', [], true)
 6 APPPATH/Controllers/UserController.php(14): view('/dashboard', [...])
 7 SYSTEMPATH/CodeIgniter.php(933): App\Controllers\UserController->index()
 8 SYSTEMPATH/CodeIgniter.php(509): CodeIgniter\CodeIgniter->runController(Object(App\Controllers\UserController))
 9 SYSTEMPATH/CodeIgniter.php(355): CodeIgniter\CodeIgniter->handleRequest(null, Object(Config\Cache), false)
10 SYSTEMPATH/Boot.php(325): CodeIgniter\CodeIgniter->run()
11 SYSTEMPATH/Boot.php(67): CodeIgniter\Boot::runCodeIgniter(Object(CodeIgniter\CodeIgniter))
12 FCPATH/index.php(56): CodeIgniter\Boot::bootWeb(Object(Config\Paths))
13 SYSTEMPATH/rewrite.php(44): require_once('/Users/williamson/Documents/Dev/talentia/public/index.php')
CRITICAL - 2024-11-08 08:05:20 --> ErrorException: include(sidebar.php): Failed to open stream: No such file or directory
[Method: GET, Route: dashboard]
in APPPATH/Views/dashboard.php on line 27.
 1 APPPATH/Views/dashboard.php(27): CodeIgniter\Debug\Exceptions->errorHandler(2, 'include(sidebar.php): Failed to open stream: No such file or directory', '/Users/williamson/Documents/Dev/talentia/app/Views/dashboard.php', 27)
 2 APPPATH/Views/dashboard.php(27): include()
 3 SYSTEMPATH/View/View.php(234): include('/Users/williamson/Documents/Dev/talentia/app/Views/dashboard.php')
 4 SYSTEMPATH/View/View.php(237): CodeIgniter\View\View->CodeIgniter\View\{closure}()
 5 SYSTEMPATH/Common.php(1171): CodeIgniter\View\View->render('dashboard', [], true)
 6 APPPATH/Controllers/DashboardController.php(19): view('dashboard', [...])
 7 SYSTEMPATH/CodeIgniter.php(933): App\Controllers\DashboardController->index()
 8 SYSTEMPATH/CodeIgniter.php(509): CodeIgniter\CodeIgniter->runController(Object(App\Controllers\DashboardController))
 9 SYSTEMPATH/CodeIgniter.php(355): CodeIgniter\CodeIgniter->handleRequest(null, Object(Config\Cache), false)
10 SYSTEMPATH/Boot.php(325): CodeIgniter\CodeIgniter->run()
11 SYSTEMPATH/Boot.php(67): CodeIgniter\Boot::runCodeIgniter(Object(CodeIgniter\CodeIgniter))
12 FCPATH/index.php(56): CodeIgniter\Boot::bootWeb(Object(Config\Paths))
13 SYSTEMPATH/rewrite.php(44): require_once('/Users/williamson/Documents/Dev/talentia/public/index.php')
CRITICAL - 2024-11-08 08:06:44 --> ErrorException: include(sidebar.php): Failed to open stream: No such file or directory
[Method: GET, Route: dashboard]
in APPPATH/Views/dashboard.php on line 226.
 1 APPPATH/Views/dashboard.php(226): CodeIgniter\Debug\Exceptions->errorHandler(2, 'include(sidebar.php): Failed to open stream: No such file or directory', '/Users/williamson/Documents/Dev/talentia/app/Views/dashboard.php', 226)
 2 APPPATH/Views/dashboard.php(226): include()
 3 SYSTEMPATH/View/View.php(234): include('/Users/williamson/Documents/Dev/talentia/app/Views/dashboard.php')
 4 SYSTEMPATH/View/View.php(237): CodeIgniter\View\View->CodeIgniter\View\{closure}()
 5 SYSTEMPATH/Common.php(1171): CodeIgniter\View\View->render('dashboard', [], true)
 6 APPPATH/Controllers/DashboardController.php(19): view('dashboard', [...])
 7 SYSTEMPATH/CodeIgniter.php(933): App\Controllers\DashboardController->index()
 8 SYSTEMPATH/CodeIgniter.php(509): CodeIgniter\CodeIgniter->runController(Object(App\Controllers\DashboardController))
 9 SYSTEMPATH/CodeIgniter.php(355): CodeIgniter\CodeIgniter->handleRequest(null, Object(Config\Cache), false)
10 SYSTEMPATH/Boot.php(325): CodeIgniter\CodeIgniter->run()
11 SYSTEMPATH/Boot.php(67): CodeIgniter\Boot::runCodeIgniter(Object(CodeIgniter\CodeIgniter))
12 FCPATH/index.php(56): CodeIgniter\Boot::bootWeb(Object(Config\Paths))
13 SYSTEMPATH/rewrite.php(44): require_once('/Users/williamson/Documents/Dev/talentia/public/index.php')
CRITICAL - 2024-11-08 08:08:11 --> ErrorException: include(/sidebar.php): Failed to open stream: No such file or directory
[Method: GET, Route: dashboard]
in APPPATH/Views/dashboard.php on line 226.
 1 APPPATH/Views/dashboard.php(226): CodeIgniter\Debug\Exceptions->errorHandler(2, 'include(/sidebar.php): Failed to open stream: No such file or directory', '/Users/williamson/Documents/Dev/talentia/app/Views/dashboard.php', 226)
 2 APPPATH/Views/dashboard.php(226): include()
 3 SYSTEMPATH/View/View.php(234): include('/Users/williamson/Documents/Dev/talentia/app/Views/dashboard.php')
 4 SYSTEMPATH/View/View.php(237): CodeIgniter\View\View->CodeIgniter\View\{closure}()
 5 SYSTEMPATH/Common.php(1171): CodeIgniter\View\View->render('dashboard', [], true)
 6 APPPATH/Controllers/DashboardController.php(19): view('dashboard', [...])
 7 SYSTEMPATH/CodeIgniter.php(933): App\Controllers\DashboardController->index()
 8 SYSTEMPATH/CodeIgniter.php(509): CodeIgniter\CodeIgniter->runController(Object(App\Controllers\DashboardController))
 9 SYSTEMPATH/CodeIgniter.php(355): CodeIgniter\CodeIgniter->handleRequest(null, Object(Config\Cache), false)
10 SYSTEMPATH/Boot.php(325): CodeIgniter\CodeIgniter->run()
11 SYSTEMPATH/Boot.php(67): CodeIgniter\Boot::runCodeIgniter(Object(CodeIgniter\CodeIgniter))
12 FCPATH/index.php(56): CodeIgniter\Boot::bootWeb(Object(Config\Paths))
13 SYSTEMPATH/rewrite.php(44): require_once('/Users/williamson/Documents/Dev/talentia/public/index.php')
